

================================================================
== Synthesis Summary Report of 'Blur'
================================================================
+ General Information: 
    * Date:           Wed Feb 23 10:46:29 2022
    * Version:        2020.2 (Build 3064766 on Wed Nov 18 09:12:45 MST 2020)
    * Project:        Gaussian_Blur
    * Solution:       solution1 (Vivado IP Flow Target)
    * Product family: zynq
    * Target device:  xc7z020-clg400-1
    

+ Performance & Resource Estimates: 
    
    PS: '+' for module; 'o' for loop; '*' for dataflow
    +-----------------------------------+------+-------+---------+-----------+----------+---------+---------+----------+----------+----------+-----------+-------------+-----+
    |              Modules              | Issue|       | Latency |  Latency  | Iteration|         |   Trip  |          |          |          |           |             |     |
    |              & Loops              | Type | Slack | (cycles)|    (ns)   |  Latency | Interval|  Count  | Pipelined|   BRAM   |    DSP   |     FF    |     LUT     | URAM|
    +-----------------------------------+------+-------+---------+-----------+----------+---------+---------+----------+----------+----------+-----------+-------------+-----+
    |+ Blur*                            |     -|  -0.03|        -|          -|         -|        -|        -|  dataflow|  45 (16%)|  66 (30%)|  8635 (8%)|  10445 (19%)|    -|
    | + grp_Loop_VConvH_proc_fu_194     |     -|  -0.03|        -|          -|         -|        -|        -|        no|  42 (15%)|  33 (15%)|  3222 (3%)|    4268 (8%)|    -|
    |  o VConvH_VConvW                  |     -|  -7.30|        -|          -|        22|        1|        -|       yes|         -|         -|          -|            -|    -|
    | + grp_Loop_HConvH_proc8_fu_232    |     -|  -0.39|  2070624|  2.071e+07|         -|  2070624|        -|        no|         -|  33 (15%)|  3282 (3%)|    4119 (7%)|    -|
    |  o HConvH_HConvW                  |     -|  -7.30|  2070620|  2.071e+07|        21|        1|  2070601|       yes|         -|         -|          -|            -|    -|
    | + grp_Loop_Border_proc_fu_253     |     -|  -0.39|        -|          -|         -|        -|        -|        no|    3 (1%)|         -|  996 (~0%)|    1050 (1%)|    -|
    |  o Border_VITIS_LOOP_87_1         |     -|  -7.30|        -|          -|         5|        1|        -|       yes|         -|         -|          -|            -|    -|
    | + grp_Block_split549_proc_fu_275  |     -|  -1.11|        1|     10.000|         -|        1|        -|        no|         -|         -|   36 (~0%)|    102 (~0%)|    -|
    | + call_ln21_Blur_entry9_fu_282    |     -|  -3.67|        0|      0.000|         -|        0|        -|        no|         -|         -|    3 (~0%)|     56 (~0%)|    -|
    +-----------------------------------+------+-------+---------+-----------+----------+---------+---------+----------+----------+----------+-----------+-------------+-----+

