

================================================================
== Vitis HLS Report for 'Loop_HConvH_proc8'
================================================================
* Date:           Wed Feb 23 10:46:25 2022

* Version:        2020.2 (Build 3064766 on Wed Nov 18 09:12:45 MST 2020)
* Project:        Gaussian_Blur
* Solution:       solution1 (Vivado IP Flow Target)
* Product family: zynq
* Target device:  xc7z020-clg400-1


================================================================
== Performance Estimates
================================================================
+ Timing: 
    * Summary: 
    +--------+----------+----------+------------+
    |  Clock |  Target  | Estimated| Uncertainty|
    +--------+----------+----------+------------+
    |ap_clk  |  10.00 ns|  6.912 ns|     2.70 ns|
    +--------+----------+----------+------------+

+ Latency: 
    * Summary: 
    +---------+---------+-----------+-----------+-----+---------+---------+
    |  Latency (cycles) |   Latency (absolute)  |    Interval   | Pipeline|
    |   min   |   max   |    min    |    max    | min |   max   |   Type  |
    +---------+---------+-----------+-----------+-----+---------+---------+
    |        7|  2070624|  70.000 ns|  20.706 ms|    7|  2070624|     none|
    +---------+---------+-----------+-----------+-----+---------+---------+

    + Detail: 
        * Instance: 
        N/A

        * Loop: 
        +-----------------+---------+---------+----------+-----------+-----------+-------------+----------+
        |                 |  Latency (cycles) | Iteration|  Initiation Interval  |     Trip    |          |
        |    Loop Name    |   min   |   max   |  Latency |  achieved |   target  |    Count    | Pipelined|
        +-----------------+---------+---------+----------+-----------+-----------+-------------+----------+
        |- HConvH_HConvW  |        3|  2070620|        21|          1|          1|  0 ~ 2070601|       yes|
        +-----------------+---------+---------+----------+-----------+-----------+-------------+----------+



================================================================
== Utilization Estimates
================================================================
* Summary: 
+-----------------+---------+-----+--------+-------+-----+
|       Name      | BRAM_18K| DSP |   FF   |  LUT  | URAM|
+-----------------+---------+-----+--------+-------+-----+
|DSP              |        -|    -|       -|      -|    -|
|Expression       |        -|    -|       0|   2039|    -|
|FIFO             |        -|    -|       -|      -|    -|
|Instance         |        -|   33|    1191|   1808|    -|
|Memory           |        -|    -|       -|      -|    -|
|Multiplexer      |        -|    -|       -|    112|    -|
|Register         |        -|    -|    2091|    160|    -|
+-----------------+---------+-----+--------+-------+-----+
|Total            |        0|   33|    3282|   4119|    0|
+-----------------+---------+-----+--------+-------+-----+
|Available        |      280|  220|  106400|  53200|    0|
+-----------------+---------+-----+--------+-------+-----+
|Utilization (%)  |        0|   15|       3|      7|    0|
+-----------------+---------+-----+--------+-------+-----+

+ Detail: 
    * Instance: 
    +-----------------------------------+-------------------------------+---------+----+-----+-----+-----+
    |              Instance             |             Module            | BRAM_18K| DSP|  FF | LUT | URAM|
    +-----------------------------------+-------------------------------+---------+----+-----+-----+-----+
    |dmul_64ns_64ns_64_7_max_dsp_1_U10  |dmul_64ns_64ns_64_7_max_dsp_1  |        0|  11|  342|  586|    0|
    |dmul_64ns_64ns_64_7_max_dsp_1_U11  |dmul_64ns_64ns_64_7_max_dsp_1  |        0|  11|  342|  586|    0|
    |dmul_64ns_64ns_64_7_max_dsp_1_U12  |dmul_64ns_64ns_64_7_max_dsp_1  |        0|  11|  342|  586|    0|
    |mul_32ns_32ns_64_2_1_U16           |mul_32ns_32ns_64_2_1           |        0|   0|  165|   50|    0|
    |uitodp_32ns_64_6_no_dsp_1_U13      |uitodp_32ns_64_6_no_dsp_1      |        0|   0|    0|    0|    0|
    |uitodp_32ns_64_6_no_dsp_1_U14      |uitodp_32ns_64_6_no_dsp_1      |        0|   0|    0|    0|    0|
    |uitodp_32ns_64_6_no_dsp_1_U15      |uitodp_32ns_64_6_no_dsp_1      |        0|   0|    0|    0|    0|
    +-----------------------------------+-------------------------------+---------+----+-----+-----+-----+
    |Total                              |                               |        0|  33| 1191| 1808|    0|
    +-----------------------------------+-------------------------------+---------+----+-----+-----+-----+

    * DSP: 
    N/A

    * Memory: 
    N/A

    * FIFO: 
    N/A

    * Expression: 
    +------------------------------------+----------+----+---+-----+------------+------------+
    |            Variable Name           | Operation| DSP| FF| LUT | Bitwidth P0| Bitwidth P1|
    +------------------------------------+----------+----+---+-----+------------+------------+
    |add_ln43_fu_273_p2                  |         +|   0|  0|   71|          64|           1|
    |add_ln691_42_fu_520_p2              |         +|   0|  0|   14|           9|           9|
    |add_ln691_43_fu_538_p2              |         +|   0|  0|   14|           9|           9|
    |add_ln691_44_fu_594_p2              |         +|   0|  0|   14|           9|           9|
    |add_ln691_45_fu_604_p2              |         +|   0|  0|   13|          10|          10|
    |add_ln691_46_fu_624_p2              |         +|   0|  0|   14|           9|           9|
    |add_ln691_47_fu_634_p2              |         +|   0|  0|   13|          10|          10|
    |add_ln691_48_fu_644_p2              |         +|   0|  0|   14|           9|           9|
    |add_ln691_49_fu_654_p2              |         +|   0|  0|   13|          10|          10|
    |add_ln691_50_fu_1138_p2             |         +|   0|  0|   12|          11|          11|
    |add_ln691_51_fu_738_p2              |         +|   0|  0|   14|           9|           9|
    |add_ln691_52_fu_748_p2              |         +|   0|  0|   13|          10|          10|
    |add_ln691_53_fu_1147_p2             |         +|   0|  0|   12|          11|          11|
    |add_ln691_54_fu_1157_p2             |         +|   0|  0|   12|          11|          11|
    |add_ln691_55_fu_768_p2              |         +|   0|  0|   14|           9|           9|
    |add_ln691_56_fu_778_p2              |         +|   0|  0|   13|          10|          10|
    |add_ln691_57_fu_1166_p2             |         +|   0|  0|   12|          11|          11|
    |add_ln691_58_fu_1176_p2             |         +|   0|  0|   12|          11|          11|
    |add_ln691_59_fu_788_p2              |         +|   0|  0|   14|           9|           9|
    |add_ln691_60_fu_798_p2              |         +|   0|  0|   13|          10|          10|
    |add_ln691_61_fu_1185_p2             |         +|   0|  0|   12|          11|          11|
    |add_ln691_62_fu_1225_p2             |         +|   0|  0|   12|          12|          12|
    |add_ln691_63_fu_964_p2              |         +|   0|  0|   14|           9|           9|
    |add_ln691_64_fu_1246_p2             |         +|   0|  0|   12|          12|          12|
    |add_ln691_65_fu_970_p2              |         +|   0|  0|   14|           9|           9|
    |add_ln691_66_fu_980_p2              |         +|   0|  0|   14|           9|           9|
    |add_ln691_67_fu_990_p2              |         +|   0|  0|   13|          10|          10|
    |add_ln691_68_fu_1254_p2             |         +|   0|  0|   12|          12|          12|
    |add_ln691_69_fu_1231_p2             |         +|   0|  0|   12|          12|          12|
    |add_ln691_70_fu_1010_p2             |         +|   0|  0|   14|           9|           9|
    |add_ln691_71_fu_1263_p2             |         +|   0|  0|   12|          12|          12|
    |add_ln691_72_fu_1016_p2             |         +|   0|  0|   14|           9|           9|
    |add_ln691_73_fu_1026_p2             |         +|   0|  0|   14|           9|           9|
    |add_ln691_74_fu_1036_p2             |         +|   0|  0|   13|          10|          10|
    |add_ln691_75_fu_1271_p2             |         +|   0|  0|   12|          12|          12|
    |add_ln691_76_fu_1237_p2             |         +|   0|  0|   12|          12|          12|
    |add_ln691_77_fu_1056_p2             |         +|   0|  0|   14|           9|           9|
    |add_ln691_78_fu_1280_p2             |         +|   0|  0|   12|          12|          12|
    |add_ln691_79_fu_1062_p2             |         +|   0|  0|   14|           9|           9|
    |add_ln691_80_fu_1072_p2             |         +|   0|  0|   14|           9|           9|
    |add_ln691_81_fu_1082_p2             |         +|   0|  0|   13|          10|          10|
    |add_ln691_82_fu_1288_p2             |         +|   0|  0|   12|          12|          12|
    |add_ln691_fu_496_p2                 |         +|   0|  0|   14|           9|           9|
    |row_1_fu_1329_p2                    |         +|   0|  0|   12|          11|           1|
    |sh_amt_10_fu_1736_p2                |         -|   0|  0|   13|           1|          10|
    |sh_amt_6_fu_1514_p2                 |         -|   0|  0|   13|           1|          10|
    |sh_amt_7_fu_1419_p2                 |         -|   0|  0|   12|          11|          12|
    |sh_amt_8_fu_1625_p2                 |         -|   0|  0|   13|           1|          10|
    |sh_amt_9_fu_1472_p2                 |         -|   0|  0|   12|          11|          12|
    |sh_amt_fu_1366_p2                   |         -|   0|  0|   12|          11|          12|
    |sub_ln455_3_fu_1960_p2              |         -|   0|  0|   23|           1|          16|
    |sub_ln455_4_fu_1972_p2              |         -|   0|  0|   31|           1|          24|
    |sub_ln455_fu_1948_p2                |         -|   0|  0|   15|           1|           8|
    |and_ln327_3_fu_1891_p2              |       and|   0|  0|    2|           1|           1|
    |and_ln327_4_fu_1929_p2              |       and|   0|  0|    2|           1|           1|
    |and_ln327_fu_1853_p2                |       and|   0|  0|    2|           1|           1|
    |and_ln329_3_fu_1663_p2              |       and|   0|  0|    2|           1|           1|
    |and_ln329_4_fu_1774_p2              |       and|   0|  0|    2|           1|           1|
    |and_ln329_fu_1552_p2                |       and|   0|  0|    2|           1|           1|
    |and_ln330_10_fu_1816_p2             |       and|   0|  0|    2|           1|           1|
    |and_ln330_6_fu_1594_p2              |       and|   0|  0|    2|           1|           1|
    |and_ln330_7_fu_1668_p2              |       and|   0|  0|    2|           1|           1|
    |and_ln330_8_fu_1705_p2              |       and|   0|  0|    2|           1|           1|
    |and_ln330_9_fu_1779_p2              |       and|   0|  0|    2|           1|           1|
    |and_ln330_fu_1557_p2                |       and|   0|  0|    2|           1|           1|
    |and_ln337_3_fu_1693_p2              |       and|   0|  0|    2|           1|           1|
    |and_ln337_4_fu_1804_p2              |       and|   0|  0|    2|           1|           1|
    |and_ln337_fu_1582_p2                |       and|   0|  0|    2|           1|           1|
    |ap_block_state24_pp0_stage0_iter20  |       and|   0|  0|    2|           1|           1|
    |ap_block_state4_pp0_stage0_iter0    |       and|   0|  0|    2|           1|           1|
    |icmp_ln323_3_fu_1413_p2             |      icmp|   0|  0|   28|          63|           1|
    |icmp_ln323_4_fu_1466_p2             |      icmp|   0|  0|   28|          63|           1|
    |icmp_ln323_fu_1360_p2               |      icmp|   0|  0|   28|          63|           1|
    |icmp_ln327_3_fu_1429_p2             |      icmp|   0|  0|   11|          11|          11|
    |icmp_ln327_4_fu_1482_p2             |      icmp|   0|  0|   11|          11|          11|
    |icmp_ln327_fu_1376_p2               |      icmp|   0|  0|   11|          11|          11|
    |icmp_ln329_3_fu_1435_p2             |      icmp|   0|  0|   12|          12|           1|
    |icmp_ln329_4_fu_1488_p2             |      icmp|   0|  0|   12|          12|           1|
    |icmp_ln329_fu_1382_p2               |      icmp|   0|  0|   12|          12|           1|
    |icmp_ln330_3_fu_1620_p2             |      icmp|   0|  0|   12|          12|           6|
    |icmp_ln330_4_fu_1731_p2             |      icmp|   0|  0|   12|          12|           6|
    |icmp_ln330_fu_1509_p2               |      icmp|   0|  0|   12|          12|           6|
    |icmp_ln337_3_fu_1630_p2             |      icmp|   0|  0|   11|          10|           5|
    |icmp_ln337_4_fu_1741_p2             |      icmp|   0|  0|   11|          10|           5|
    |icmp_ln337_fu_1519_p2               |      icmp|   0|  0|   11|          10|           5|
    |icmp_ln43_fu_321_p2                 |      icmp|   0|  0|   29|          64|          64|
    |icmp_ln44_fu_1298_p2                |      icmp|   0|  0|   18|          32|          32|
    |icmp_ln57_fu_1311_p2                |      icmp|   0|  0|   11|          11|           4|
    |lshr_ln331_3_fu_1643_p2             |      lshr|   0|  0|  161|          54|          54|
    |lshr_ln331_4_fu_1754_p2             |      lshr|   0|  0|  161|          54|          54|
    |lshr_ln331_fu_1532_p2               |      lshr|   0|  0|  161|          54|          54|
    |ap_block_pp0_stage0_01001           |        or|   0|  0|    2|           1|           1|
    |ap_block_state1                     |        or|   0|  0|    2|           1|           1|
    |or_ln1349_fu_2014_p2                |        or|   0|  0|   24|          24|          24|
    |or_ln327_3_fu_1653_p2               |        or|   0|  0|    2|           1|           1|
    |or_ln327_4_fu_1764_p2               |        or|   0|  0|    2|           1|           1|
    |or_ln327_fu_1542_p2                 |        or|   0|  0|    2|           1|           1|
    |or_ln329_3_fu_1682_p2               |        or|   0|  0|    2|           1|           1|
    |or_ln329_4_fu_1793_p2               |        or|   0|  0|    2|           1|           1|
    |or_ln329_fu_1571_p2                 |        or|   0|  0|    2|           1|           1|
    |or_ln330_3_fu_1711_p2               |        or|   0|  0|    2|           1|           1|
    |or_ln330_4_fu_1822_p2               |        or|   0|  0|    2|           1|           1|
    |or_ln330_fu_1600_p2                 |        or|   0|  0|    2|           1|           1|
    |ret_V_fu_2020_p2                    |        or|   0|  0|   24|          24|          24|
    |b_V_fu_1977_p3                      |    select|   0|  0|   24|           1|          24|
    |select_ln327_3_fu_1896_p3           |    select|   0|  0|   16|           1|          16|
    |select_ln327_4_fu_1934_p3           |    select|   0|  0|   24|           1|          24|
    |select_ln327_fu_1858_p3             |    select|   0|  0|    8|           1|           8|
    |select_ln330_10_fu_1917_p3          |    select|   0|  0|   24|           1|           1|
    |select_ln330_6_fu_1841_p3           |    select|   0|  0|    8|           1|           1|
    |select_ln330_7_fu_1674_p3           |    select|   0|  0|   16|           1|          16|
    |select_ln330_8_fu_1879_p3           |    select|   0|  0|   16|           1|           1|
    |select_ln330_9_fu_1785_p3           |    select|   0|  0|   24|           1|          24|
    |select_ln330_fu_1563_p3             |    select|   0|  0|    8|           1|           8|
    |select_ln337_3_fu_1873_p3           |    select|   0|  0|   16|           1|          16|
    |select_ln337_4_fu_1911_p3           |    select|   0|  0|   24|           1|          24|
    |select_ln337_fu_1835_p3             |    select|   0|  0|    8|           1|           8|
    |select_ln345_2_fu_1999_p3           |    select|   0|  0|   16|           1|          16|
    |select_ln345_fu_1984_p3             |    select|   0|  0|    8|           1|           8|
    |select_ln43_fu_1303_p3              |    select|   0|  0|   11|           1|          11|
    |shl_ln339_3_fu_1868_p2              |       shl|   0|  0|   35|          16|          16|
    |shl_ln339_4_fu_1906_p2              |       shl|   0|  0|   67|          24|          24|
    |shl_ln339_fu_1830_p2                |       shl|   0|  0|   17|           8|           8|
    |ap_enable_pp0                       |       xor|   0|  0|    2|           1|           2|
    |xor_ln323_3_fu_1886_p2              |       xor|   0|  0|    2|           1|           2|
    |xor_ln323_4_fu_1924_p2              |       xor|   0|  0|    2|           1|           2|
    |xor_ln323_fu_1848_p2                |       xor|   0|  0|    2|           1|           2|
    |xor_ln327_3_fu_1657_p2              |       xor|   0|  0|    2|           1|           2|
    |xor_ln327_4_fu_1768_p2              |       xor|   0|  0|    2|           1|           2|
    |xor_ln327_fu_1546_p2                |       xor|   0|  0|    2|           1|           2|
    |xor_ln329_3_fu_1687_p2              |       xor|   0|  0|    2|           1|           2|
    |xor_ln329_4_fu_1798_p2              |       xor|   0|  0|    2|           1|           2|
    |xor_ln329_fu_1576_p2                |       xor|   0|  0|    2|           1|           2|
    |xor_ln330_3_fu_1699_p2              |       xor|   0|  0|    2|           1|           2|
    |xor_ln330_4_fu_1810_p2              |       xor|   0|  0|    2|           1|           2|
    |xor_ln330_fu_1588_p2                |       xor|   0|  0|    2|           1|           2|
    +------------------------------------+----------+----+---+-----+------------+------------+
    |Total                               |          |   0|  0| 2039|        1286|        1232|
    +------------------------------------+----------+----+---+-----+------------+------------+

    * Multiplexer: 
    +--------------------------+----+-----------+-----+-----------+
    |           Name           | LUT| Input Size| Bits| Total Bits|
    +--------------------------+----+-----------+-----+-----------+
    |ap_NS_fsm                 |  31|          6|    1|          6|
    |ap_done                   |   9|          2|    1|          2|
    |ap_enable_reg_pp0_iter20  |   9|          2|    1|          2|
    |ap_enable_reg_pp0_iter4   |   9|          2|    1|          2|
    |h_blk_n                   |   9|          2|    1|          2|
    |hconv_blk_n               |   9|          2|    1|          2|
    |in_data_TDATA_blk_n       |   9|          2|    1|          2|
    |indvar_flatten_reg_215    |   9|          2|   64|        128|
    |row_reg_226               |   9|          2|   11|         22|
    |w_blk_n                   |   9|          2|    1|          2|
    +--------------------------+----+-----------+-----+-----------+
    |Total                     | 112|         24|   83|        170|
    +--------------------------+----+-----------+-----+-----------+

    * Register: 
    +---------------------------------------+----+----+-----+-----------+
    |                  Name                 | FF | LUT| Bits| Const Bits|
    +---------------------------------------+----+----+-----+-----------+
    |add_ln691_45_reg_2160                  |  10|   0|   10|          0|
    |add_ln691_47_reg_2165                  |  10|   0|   10|          0|
    |add_ln691_49_reg_2170                  |  10|   0|   10|          0|
    |add_ln691_52_reg_2175                  |  10|   0|   10|          0|
    |add_ln691_56_reg_2180                  |  10|   0|   10|          0|
    |add_ln691_60_reg_2185                  |  10|   0|   10|          0|
    |add_ln691_62_reg_2220                  |  12|   0|   12|          0|
    |add_ln691_63_reg_2190                  |   9|   0|    9|          0|
    |add_ln691_63_reg_2190_pp0_iter1_reg    |   9|   0|    9|          0|
    |add_ln691_67_reg_2195                  |  10|   0|   10|          0|
    |add_ln691_67_reg_2195_pp0_iter1_reg    |  10|   0|   10|          0|
    |add_ln691_68_reg_2235                  |  12|   0|   12|          0|
    |add_ln691_69_reg_2225                  |  12|   0|   12|          0|
    |add_ln691_70_reg_2200                  |   9|   0|    9|          0|
    |add_ln691_70_reg_2200_pp0_iter1_reg    |   9|   0|    9|          0|
    |add_ln691_74_reg_2205                  |  10|   0|   10|          0|
    |add_ln691_74_reg_2205_pp0_iter1_reg    |  10|   0|   10|          0|
    |add_ln691_75_reg_2240                  |  12|   0|   12|          0|
    |add_ln691_76_reg_2230                  |  12|   0|   12|          0|
    |add_ln691_77_reg_2210                  |   9|   0|    9|          0|
    |add_ln691_77_reg_2210_pp0_iter1_reg    |   9|   0|    9|          0|
    |add_ln691_81_reg_2215                  |  10|   0|   10|          0|
    |add_ln691_81_reg_2215_pp0_iter1_reg    |  10|   0|   10|          0|
    |add_ln691_82_reg_2245                  |  12|   0|   12|          0|
    |and_ln337_3_reg_2460                   |   1|   0|    1|          0|
    |and_ln337_4_reg_2480                   |   1|   0|    1|          0|
    |and_ln337_reg_2440                     |   1|   0|    1|          0|
    |ap_CS_fsm                              |   5|   0|    5|          0|
    |ap_done_reg                            |   1|   0|    1|          0|
    |ap_enable_reg_pp0_iter0                |   1|   0|    1|          0|
    |ap_enable_reg_pp0_iter1                |   1|   0|    1|          0|
    |ap_enable_reg_pp0_iter10               |   1|   0|    1|          0|
    |ap_enable_reg_pp0_iter11               |   1|   0|    1|          0|
    |ap_enable_reg_pp0_iter12               |   1|   0|    1|          0|
    |ap_enable_reg_pp0_iter13               |   1|   0|    1|          0|
    |ap_enable_reg_pp0_iter14               |   1|   0|    1|          0|
    |ap_enable_reg_pp0_iter15               |   1|   0|    1|          0|
    |ap_enable_reg_pp0_iter16               |   1|   0|    1|          0|
    |ap_enable_reg_pp0_iter17               |   1|   0|    1|          0|
    |ap_enable_reg_pp0_iter18               |   1|   0|    1|          0|
    |ap_enable_reg_pp0_iter19               |   1|   0|    1|          0|
    |ap_enable_reg_pp0_iter2                |   1|   0|    1|          0|
    |ap_enable_reg_pp0_iter20               |   1|   0|    1|          0|
    |ap_enable_reg_pp0_iter3                |   1|   0|    1|          0|
    |ap_enable_reg_pp0_iter4                |   1|   0|    1|          0|
    |ap_enable_reg_pp0_iter5                |   1|   0|    1|          0|
    |ap_enable_reg_pp0_iter6                |   1|   0|    1|          0|
    |ap_enable_reg_pp0_iter7                |   1|   0|    1|          0|
    |ap_enable_reg_pp0_iter8                |   1|   0|    1|          0|
    |ap_enable_reg_pp0_iter9                |   1|   0|    1|          0|
    |bound_reg_2132                         |  64|   0|   64|          0|
    |conv_i141_i_i_reg_2284                 |  64|   0|   64|          0|
    |conv_i146_i_i_reg_2279                 |  64|   0|   64|          0|
    |conv_i151_i_i_reg_2274                 |  64|   0|   64|          0|
    |h_read_reg_2111                        |  32|   0|   32|          0|
    |hwin_10_V_fu_162                       |  24|   0|   24|          0|
    |hwin_11_V_fu_166                       |  24|   0|   24|          0|
    |hwin_12_V_fu_170                       |  24|   0|   24|          0|
    |hwin_13_V_fu_174                       |  24|   0|   24|          0|
    |hwin_1_V_fu_126                        |  24|   0|   24|          0|
    |hwin_2_V_fu_130                        |  24|   0|   24|          0|
    |hwin_3_V_fu_134                        |  24|   0|   24|          0|
    |hwin_4_V_fu_138                        |  24|   0|   24|          0|
    |hwin_4_V_load_reg_2142                 |  24|   0|   24|          0|
    |hwin_5_V_fu_142                        |  24|   0|   24|          0|
    |hwin_6_V_fu_146                        |  24|   0|   24|          0|
    |hwin_7_V_fu_150                        |  24|   0|   24|          0|
    |hwin_8_V_fu_154                        |  24|   0|   24|          0|
    |hwin_8_V_load_reg_2149                 |  24|   0|   24|          0|
    |hwin_9_V_fu_158                        |  24|   0|   24|          0|
    |hwin_V_1_1_i_fu_122                    |  24|   0|   24|          0|
    |icmp_ln323_3_reg_2358                  |   1|   0|    1|          0|
    |icmp_ln323_3_reg_2358_pp0_iter17_reg   |   1|   0|    1|          0|
    |icmp_ln323_4_reg_2400                  |   1|   0|    1|          0|
    |icmp_ln323_4_reg_2400_pp0_iter17_reg   |   1|   0|    1|          0|
    |icmp_ln323_reg_2316                    |   1|   0|    1|          0|
    |icmp_ln323_reg_2316_pp0_iter17_reg     |   1|   0|    1|          0|
    |icmp_ln327_3_reg_2376                  |   1|   0|    1|          0|
    |icmp_ln327_3_reg_2376_pp0_iter17_reg   |   1|   0|    1|          0|
    |icmp_ln327_4_reg_2418                  |   1|   0|    1|          0|
    |icmp_ln327_4_reg_2418_pp0_iter17_reg   |   1|   0|    1|          0|
    |icmp_ln327_reg_2334                    |   1|   0|    1|          0|
    |icmp_ln327_reg_2334_pp0_iter17_reg     |   1|   0|    1|          0|
    |icmp_ln329_3_reg_2382                  |   1|   0|    1|          0|
    |icmp_ln329_4_reg_2424                  |   1|   0|    1|          0|
    |icmp_ln329_reg_2340                    |   1|   0|    1|          0|
    |icmp_ln43_reg_2156                     |   1|   0|    1|          0|
    |icmp_ln57_reg_2250                     |   1|   0|    1|          0|
    |indvar_flatten_reg_215                 |  64|   0|   64|          0|
    |or_ln330_3_reg_2465                    |   1|   0|    1|          0|
    |or_ln330_4_reg_2485                    |   1|   0|    1|          0|
    |or_ln330_reg_2445                      |   1|   0|    1|          0|
    |reg_3_reg_2346                         |  64|   0|   64|          0|
    |reg_4_reg_2388                         |  64|   0|   64|          0|
    |reg_reg_2304                           |  64|   0|   64|          0|
    |ret_V_reg_2508                         |  24|   0|   24|          0|
    |row_reg_226                            |  11|   0|   11|          0|
    |select_ln327_3_reg_2496                |  16|   0|   16|          0|
    |select_ln327_4_reg_2502                |  24|   0|   24|          0|
    |select_ln327_reg_2490                  |   8|   0|    8|          0|
    |select_ln330_7_reg_2455                |  16|   0|   16|          0|
    |select_ln330_9_reg_2475                |  24|   0|   24|          0|
    |select_ln330_reg_2435                  |   8|   0|    8|          0|
    |sh_amt_10_reg_2470                     |  10|   0|   10|          0|
    |sh_amt_6_reg_2430                      |  10|   0|   10|          0|
    |sh_amt_7_reg_2365                      |  12|   0|   12|          0|
    |sh_amt_8_reg_2450                      |  10|   0|   10|          0|
    |sh_amt_9_reg_2407                      |  12|   0|   12|          0|
    |sh_amt_reg_2323                        |  12|   0|   12|          0|
    |trunc_ln326_3_reg_2371                 |  10|   0|   10|          0|
    |trunc_ln326_4_reg_2413                 |  10|   0|   10|          0|
    |trunc_ln326_reg_2329                   |  10|   0|   10|          0|
    |trunc_ln328_3_reg_2352                 |  16|   0|   16|          0|
    |trunc_ln328_3_reg_2352_pp0_iter17_reg  |  16|   0|   16|          0|
    |trunc_ln328_4_reg_2394                 |  24|   0|   24|          0|
    |trunc_ln328_4_reg_2394_pp0_iter17_reg  |  24|   0|   24|          0|
    |trunc_ln328_reg_2310                   |   8|   0|    8|          0|
    |trunc_ln328_reg_2310_pp0_iter17_reg    |   8|   0|    8|          0|
    |val_3_reg_2294                         |  64|   0|   64|          0|
    |val_4_reg_2299                         |  64|   0|   64|          0|
    |val_reg_2289                           |  64|   0|   64|          0|
    |w_read_reg_2116                        |  32|   0|   32|          0|
    |icmp_ln43_reg_2156                     |  64|  32|    1|          0|
    |icmp_ln57_reg_2250                     |  64|  32|    1|          0|
    |reg_3_reg_2346                         |  64|  32|   64|          0|
    |reg_4_reg_2388                         |  64|  32|   64|          0|
    |reg_reg_2304                           |  64|  32|   64|          0|
    +---------------------------------------+----+----+-----+-----------+
    |Total                                  |2091| 160| 1965|          0|
    +---------------------------------------+----+----+-----+-----------+



================================================================
== Interface
================================================================
* Summary: 
+----------------+-----+-----+------------+-------------------+--------------+
|    RTL Ports   | Dir | Bits|  Protocol  |   Source Object   |    C Type    |
+----------------+-----+-----+------------+-------------------+--------------+
|ap_clk          |   in|    1|  ap_ctrl_hs|  Loop_HConvH_proc8|  return value|
|ap_rst          |   in|    1|  ap_ctrl_hs|  Loop_HConvH_proc8|  return value|
|ap_start        |   in|    1|  ap_ctrl_hs|  Loop_HConvH_proc8|  return value|
|ap_done         |  out|    1|  ap_ctrl_hs|  Loop_HConvH_proc8|  return value|
|ap_continue     |   in|    1|  ap_ctrl_hs|  Loop_HConvH_proc8|  return value|
|ap_idle         |  out|    1|  ap_ctrl_hs|  Loop_HConvH_proc8|  return value|
|ap_ready        |  out|    1|  ap_ctrl_hs|  Loop_HConvH_proc8|  return value|
|h_dout          |   in|   32|     ap_fifo|                  h|       pointer|
|h_empty_n       |   in|    1|     ap_fifo|                  h|       pointer|
|h_read          |  out|    1|     ap_fifo|                  h|       pointer|
|w_dout          |   in|   32|     ap_fifo|                  w|       pointer|
|w_empty_n       |   in|    1|     ap_fifo|                  w|       pointer|
|w_read          |  out|    1|     ap_fifo|                  w|       pointer|
|in_data_TDATA   |   in|   24|        axis|   in_data_V_data_V|       pointer|
|in_data_TVALID  |   in|    1|        axis|   in_data_V_dest_V|       pointer|
|in_data_TREADY  |  out|    1|        axis|   in_data_V_dest_V|       pointer|
|in_data_TDEST   |   in|    1|        axis|   in_data_V_dest_V|       pointer|
|in_data_TKEEP   |   in|    3|        axis|   in_data_V_keep_V|       pointer|
|in_data_TSTRB   |   in|    3|        axis|   in_data_V_strb_V|       pointer|
|in_data_TUSER   |   in|    1|        axis|   in_data_V_user_V|       pointer|
|in_data_TLAST   |   in|    1|        axis|   in_data_V_last_V|       pointer|
|in_data_TID     |   in|    1|        axis|     in_data_V_id_V|       pointer|
|hconv_din       |  out|   24|     ap_fifo|              hconv|       pointer|
|hconv_full_n    |   in|    1|     ap_fifo|              hconv|       pointer|
|hconv_write     |  out|    1|     ap_fifo|              hconv|       pointer|
+----------------+-----+-----+------------+-------------------+--------------+

